// Vitest Snapshot v1, https://vitest.dev/guide/snapshot.html

exports[`Content component render 1`] = `
{
  "asFragment": [Function],
  "baseElement": <body>
    <div>
      <div
        class="css-x6hh8e"
      >
        <div
          class="chakra-stack chakra-container css-1w5fodf"
        >
          <b
            class="chakra-text css-5efzzv"
          >
            Hi friends ðŸ‘‹
          </b>
          <p
            class="chakra-text css-14zxifi"
          >
            An app starter for Next.js that includes TypeScript, ChakraUI and all the tools you need to build amazing projects ðŸ”¥ðŸ¤—
          </p>
          <a
            class="chakra-link css-0"
            href="https://github.com/vuongtran/nextjs-app-starter"
            rel="noopener"
            target="_blank"
          >
            <button
              aria-label="Github"
              class="chakra-button css-4xx2wk"
              type="button"
            >
              <span
                class="chakra-button__icon css-1wh2kri"
              >
                <svg
                  aria-hidden="true"
                  fill="none"
                  focusable="false"
                  height="1em"
                  stroke="currentColor"
                  stroke-linecap="round"
                  stroke-linejoin="round"
                  stroke-width="2"
                  viewBox="0 0 24 24"
                  width="1em"
                  xmlns="http://www.w3.org/2000/svg"
                >
                  <path
                    d="M15 22v-4a4.8 4.8 0 0 0-1-3.5c3 0 6-2 6-5.5.08-1.25-.27-2.48-1-3.5.28-1.15.28-2.35 0-3.5 0 0-1 0-3 1.5-2.64-.5-5.36-.5-8 0C6 2 5 2 5 2c-.3 1.15-.3 2.35 0 3.5A5.403 5.403 0 0 0 4 9c0 3.5 3 5.5 6 5.5-.39.49-.68 1.05-.85 1.65-.17.6-.22 1.23-.15 1.85v4"
                  />
                  <path
                    d="M9 18c-4.51 2-5-2-7-2"
                  />
                </svg>
              </span>
              Github
            </button>
          </a>
        </div>
      </div>
    </div>
  </body>,
  "container": <div>
    <div
      class="css-x6hh8e"
    >
      <div
        class="chakra-stack chakra-container css-1w5fodf"
      >
        <b
          class="chakra-text css-5efzzv"
        >
          Hi friends ðŸ‘‹
        </b>
        <p
          class="chakra-text css-14zxifi"
        >
          An app starter for Next.js that includes TypeScript, ChakraUI and all the tools you need to build amazing projects ðŸ”¥ðŸ¤—
        </p>
        <a
          class="chakra-link css-0"
          href="https://github.com/vuongtran/nextjs-app-starter"
          rel="noopener"
          target="_blank"
        >
          <button
            aria-label="Github"
            class="chakra-button css-4xx2wk"
            type="button"
          >
            <span
              class="chakra-button__icon css-1wh2kri"
            >
              <svg
                aria-hidden="true"
                fill="none"
                focusable="false"
                height="1em"
                stroke="currentColor"
                stroke-linecap="round"
                stroke-linejoin="round"
                stroke-width="2"
                viewBox="0 0 24 24"
                width="1em"
                xmlns="http://www.w3.org/2000/svg"
              >
                <path
                  d="M15 22v-4a4.8 4.8 0 0 0-1-3.5c3 0 6-2 6-5.5.08-1.25-.27-2.48-1-3.5.28-1.15.28-2.35 0-3.5 0 0-1 0-3 1.5-2.64-.5-5.36-.5-8 0C6 2 5 2 5 2c-.3 1.15-.3 2.35 0 3.5A5.403 5.403 0 0 0 4 9c0 3.5 3 5.5 6 5.5-.39.49-.68 1.05-.85 1.65-.17.6-.22 1.23-.15 1.85v4"
                />
                <path
                  d="M9 18c-4.51 2-5-2-7-2"
                />
              </svg>
            </span>
            Github
          </button>
        </a>
      </div>
    </div>
  </div>,
  "debug": [Function],
  "findAllByAltText": [Function],
  "findAllByDisplayValue": [Function],
  "findAllByLabelText": [Function],
  "findAllByPlaceholderText": [Function],
  "findAllByRole": [Function],
  "findAllByTestId": [Function],
  "findAllByText": [Function],
  "findAllByTitle": [Function],
  "findByAltText": [Function],
  "findByDisplayValue": [Function],
  "findByLabelText": [Function],
  "findByPlaceholderText": [Function],
  "findByRole": [Function],
  "findByTestId": [Function],
  "findByText": [Function],
  "findByTitle": [Function],
  "getAllByAltText": [Function],
  "getAllByDisplayValue": [Function],
  "getAllByLabelText": [Function],
  "getAllByPlaceholderText": [Function],
  "getAllByRole": [Function],
  "getAllByTestId": [Function],
  "getAllByText": [Function],
  "getAllByTitle": [Function],
  "getByAltText": [Function],
  "getByDisplayValue": [Function],
  "getByLabelText": [Function],
  "getByPlaceholderText": [Function],
  "getByRole": [Function],
  "getByTestId": [Function],
  "getByText": [Function],
  "getByTitle": [Function],
  "queryAllByAltText": [Function],
  "queryAllByDisplayValue": [Function],
  "queryAllByLabelText": [Function],
  "queryAllByPlaceholderText": [Function],
  "queryAllByRole": [Function],
  "queryAllByTestId": [Function],
  "queryAllByText": [Function],
  "queryAllByTitle": [Function],
  "queryByAltText": [Function],
  "queryByDisplayValue": [Function],
  "queryByLabelText": [Function],
  "queryByPlaceholderText": [Function],
  "queryByRole": [Function],
  "queryByTestId": [Function],
  "queryByText": [Function],
  "queryByTitle": [Function],
  "rerender": [Function],
  "unmount": [Function],
}
`;

exports[`Footer component render 1`] = `
{
  "asFragment": [Function],
  "baseElement": <body>
    <div>
      <div
        class="css-x6hh8e"
      >
        <div
          class="chakra-stack chakra-container css-1w5fodf"
        >
          <b
            class="chakra-text css-5efzzv"
          >
            Hi friends ðŸ‘‹
          </b>
          <p
            class="chakra-text css-14zxifi"
          >
            An app starter for Next.js that includes TypeScript, ChakraUI and all the tools you need to build amazing projects ðŸ”¥ðŸ¤—
          </p>
          <a
            class="chakra-link css-0"
            href="https://github.com/vuongtran/nextjs-app-starter"
            rel="noopener"
            target="_blank"
          >
            <button
              aria-label="Github"
              class="chakra-button css-4xx2wk"
              type="button"
            >
              <span
                class="chakra-button__icon css-1wh2kri"
              >
                <svg
                  aria-hidden="true"
                  fill="none"
                  focusable="false"
                  height="1em"
                  stroke="currentColor"
                  stroke-linecap="round"
                  stroke-linejoin="round"
                  stroke-width="2"
                  viewBox="0 0 24 24"
                  width="1em"
                  xmlns="http://www.w3.org/2000/svg"
                >
                  <path
                    d="M15 22v-4a4.8 4.8 0 0 0-1-3.5c3 0 6-2 6-5.5.08-1.25-.27-2.48-1-3.5.28-1.15.28-2.35 0-3.5 0 0-1 0-3 1.5-2.64-.5-5.36-.5-8 0C6 2 5 2 5 2c-.3 1.15-.3 2.35 0 3.5A5.403 5.403 0 0 0 4 9c0 3.5 3 5.5 6 5.5-.39.49-.68 1.05-.85 1.65-.17.6-.22 1.23-.15 1.85v4"
                  />
                  <path
                    d="M9 18c-4.51 2-5-2-7-2"
                  />
                </svg>
              </span>
              Github
            </button>
          </a>
        </div>
      </div>
    </div>
  </body>,
  "container": <div>
    <div
      class="css-x6hh8e"
    >
      <div
        class="chakra-stack chakra-container css-1w5fodf"
      >
        <b
          class="chakra-text css-5efzzv"
        >
          Hi friends ðŸ‘‹
        </b>
        <p
          class="chakra-text css-14zxifi"
        >
          An app starter for Next.js that includes TypeScript, ChakraUI and all the tools you need to build amazing projects ðŸ”¥ðŸ¤—
        </p>
        <a
          class="chakra-link css-0"
          href="https://github.com/vuongtran/nextjs-app-starter"
          rel="noopener"
          target="_blank"
        >
          <button
            aria-label="Github"
            class="chakra-button css-4xx2wk"
            type="button"
          >
            <span
              class="chakra-button__icon css-1wh2kri"
            >
              <svg
                aria-hidden="true"
                fill="none"
                focusable="false"
                height="1em"
                stroke="currentColor"
                stroke-linecap="round"
                stroke-linejoin="round"
                stroke-width="2"
                viewBox="0 0 24 24"
                width="1em"
                xmlns="http://www.w3.org/2000/svg"
              >
                <path
                  d="M15 22v-4a4.8 4.8 0 0 0-1-3.5c3 0 6-2 6-5.5.08-1.25-.27-2.48-1-3.5.28-1.15.28-2.35 0-3.5 0 0-1 0-3 1.5-2.64-.5-5.36-.5-8 0C6 2 5 2 5 2c-.3 1.15-.3 2.35 0 3.5A5.403 5.403 0 0 0 4 9c0 3.5 3 5.5 6 5.5-.39.49-.68 1.05-.85 1.65-.17.6-.22 1.23-.15 1.85v4"
                />
                <path
                  d="M9 18c-4.51 2-5-2-7-2"
                />
              </svg>
            </span>
            Github
          </button>
        </a>
      </div>
    </div>
  </div>,
  "debug": [Function],
  "findAllByAltText": [Function],
  "findAllByDisplayValue": [Function],
  "findAllByLabelText": [Function],
  "findAllByPlaceholderText": [Function],
  "findAllByRole": [Function],
  "findAllByTestId": [Function],
  "findAllByText": [Function],
  "findAllByTitle": [Function],
  "findByAltText": [Function],
  "findByDisplayValue": [Function],
  "findByLabelText": [Function],
  "findByPlaceholderText": [Function],
  "findByRole": [Function],
  "findByTestId": [Function],
  "findByText": [Function],
  "findByTitle": [Function],
  "getAllByAltText": [Function],
  "getAllByDisplayValue": [Function],
  "getAllByLabelText": [Function],
  "getAllByPlaceholderText": [Function],
  "getAllByRole": [Function],
  "getAllByTestId": [Function],
  "getAllByText": [Function],
  "getAllByTitle": [Function],
  "getByAltText": [Function],
  "getByDisplayValue": [Function],
  "getByLabelText": [Function],
  "getByPlaceholderText": [Function],
  "getByRole": [Function],
  "getByTestId": [Function],
  "getByText": [Function],
  "getByTitle": [Function],
  "queryAllByAltText": [Function],
  "queryAllByDisplayValue": [Function],
  "queryAllByLabelText": [Function],
  "queryAllByPlaceholderText": [Function],
  "queryAllByRole": [Function],
  "queryAllByTestId": [Function],
  "queryAllByText": [Function],
  "queryAllByTitle": [Function],
  "queryByAltText": [Function],
  "queryByDisplayValue": [Function],
  "queryByLabelText": [Function],
  "queryByPlaceholderText": [Function],
  "queryByRole": [Function],
  "queryByTestId": [Function],
  "queryByText": [Function],
  "queryByTitle": [Function],
  "rerender": [Function],
  "unmount": [Function],
}
`;
